// Jest Snapshot v1, https://goo.gl/fbAQLP

exports[`Field renders correctly 1`] = `
<DocumentFragment>
  <div
    class="MuiFormControl-root MuiFormControl-fullWidth MuiTextField-root css-wb57ya-MuiFormControl-root-MuiTextField-root"
    data-testid="password-field"
  >
    <div
      class="MuiInputBase-root MuiInput-root MuiInput-underline MuiInputBase-colorPrimary MuiInputBase-fullWidth MuiInputBase-formControl Mui-readOnly MuiInputBase-readOnly css-953pxc-MuiInputBase-root-MuiInput-root"
    >
      <input
        aria-invalid="false"
        class="MuiInputBase-input MuiInput-input Mui-readOnly MuiInputBase-readOnly css-1x51dt5-MuiInputBase-input-MuiInput-input"
        id=":r0:"
        name="password"
        placeholder="Your Password"
        readonly=""
        type="text"
        value="123"
      />
    </div>
  </div>
</DocumentFragment>
`;
